2025-07-12 21:05:57,143 - __main__ - INFO - Logging initialized. Output saved to: logs/aokvqa-cot-stage0_20250712-210557
2025-07-12 21:05:57,251 - __main__ - INFO - CUDA available with 1 devices (deterministic mode)
2025-07-12 21:05:59,813 - __main__ - INFO - Initialized wandb run: project=multicoco, name=aokvqa-cot-stage0, tags=['cot_train', 'cot']
2025-07-12 21:05:59,813 - __main__ - INFO - MultiCoCoRunner initialized for training
2025-07-12 21:05:59,813 - __main__ - INFO - CoT training phase - no latent tokens added
2025-07-12 21:05:59,813 - __main__ - INFO - Loading base model: OpenGVLab/InternVL3-1B-Pretrained
2025-07-12 21:06:00,571 - transformers_modules.OpenGVLab.InternVL3-1B-Pretrained.d3292416b2ecc894c0f4009a6dae424fbf164249.configuration_internvl_chat - INFO - vision_select_layer: -1
2025-07-12 21:06:00,571 - transformers_modules.OpenGVLab.InternVL3-1B-Pretrained.d3292416b2ecc894c0f4009a6dae424fbf164249.configuration_internvl_chat - INFO - ps_version: v2
2025-07-12 21:06:00,571 - transformers_modules.OpenGVLab.InternVL3-1B-Pretrained.d3292416b2ecc894c0f4009a6dae424fbf164249.configuration_internvl_chat - INFO - min_dynamic_patch: 1
2025-07-12 21:06:00,571 - transformers_modules.OpenGVLab.InternVL3-1B-Pretrained.d3292416b2ecc894c0f4009a6dae424fbf164249.configuration_internvl_chat - INFO - max_dynamic_patch: 12
2025-07-12 21:06:00,572 - transformers_modules.OpenGVLab.InternVL3-1B-Pretrained.d3292416b2ecc894c0f4009a6dae424fbf164249.configuration_internvl_chat - INFO - vision_config is None. Initializing the InternVisionConfig with default values.
2025-07-12 21:06:00,573 - transformers_modules.OpenGVLab.InternVL3-1B-Pretrained.d3292416b2ecc894c0f4009a6dae424fbf164249.configuration_internvl_chat - INFO - llm_config is None. Initializing the LlamaConfig config with default values (`LlamaConfig`).
2025-07-12 21:06:00,573 - transformers_modules.OpenGVLab.InternVL3-1B-Pretrained.d3292416b2ecc894c0f4009a6dae424fbf164249.configuration_internvl_chat - INFO - vision_select_layer: -1
2025-07-12 21:06:00,573 - transformers_modules.OpenGVLab.InternVL3-1B-Pretrained.d3292416b2ecc894c0f4009a6dae424fbf164249.configuration_internvl_chat - INFO - ps_version: v1
2025-07-12 21:06:00,573 - transformers_modules.OpenGVLab.InternVL3-1B-Pretrained.d3292416b2ecc894c0f4009a6dae424fbf164249.configuration_internvl_chat - INFO - min_dynamic_patch: 1
2025-07-12 21:06:00,573 - transformers_modules.OpenGVLab.InternVL3-1B-Pretrained.d3292416b2ecc894c0f4009a6dae424fbf164249.configuration_internvl_chat - INFO - max_dynamic_patch: 6
2025-07-12 21:06:01,203 - transformers_modules.OpenGVLab.InternVL3-1B-Pretrained.d3292416b2ecc894c0f4009a6dae424fbf164249.modeling_internvl_chat - INFO - num_image_token: 256
2025-07-12 21:06:01,207 - transformers_modules.OpenGVLab.InternVL3-1B-Pretrained.d3292416b2ecc894c0f4009a6dae424fbf164249.modeling_internvl_chat - INFO - ps_version: v2
2025-07-12 21:06:03,244 - multicoco.model - INFO - MultiCoCo model initialized with 938193024 parameters
2025-07-12 21:06:03,244 - __main__ - INFO - Model initialized from base model: OpenGVLab/InternVL3-1B-Pretrained
2025-07-12 21:06:03,244 - __main__ - INFO - Dtype: bfloat16, BF16: True, FP16: False
2025-07-12 21:06:03,244 - __main__ - INFO - Mode: TrainingMode.COT_TRAIN, CoCoNut: False
2025-07-12 21:06:03,556 - multicoco.data - INFO - Loaded 17056 samples from /home/ubuntu/multicoco/data/aokvqa_train.json
2025-07-12 21:06:03,556 - __main__ - INFO - Training dataset: 17056 samples
2025-07-12 21:06:03,559 - multicoco.data - INFO - Loaded 1145 samples from /home/ubuntu/multicoco/data/aokvqa_validation.json
2025-07-12 21:06:03,559 - __main__ - INFO - Evaluation dataset: 1145 samples
2025-07-12 21:06:03,559 - __main__ - INFO - Starting CoT training...
2025-07-12 21:06:04,321 - multicoco.trainer - INFO - CoCoTrainer initialized.
2025-07-12 21:06:04,321 - __main__ - INFO - Trainer created successfully
2025-07-12 21:06:04,321 - __main__ - INFO - Starting training...
2025-07-12 21:06:04,322 - __main__ - INFO - Logged comprehensive configuration to wandb
2025-07-12 21:06:04,322 - multicoco.trainer - INFO - Training state initialized for epoch-based training
2025-07-12 21:06:04,322 - multicoco.trainer - INFO - Found latest checkpoint: checkpoints/aokvqa_cot_aokvqa-cot-stage0/epoch-1
2025-07-12 21:06:04,323 - multicoco.trainer - INFO - Resuming training from checkpoint: checkpoints/aokvqa_cot_aokvqa-cot-stage0/epoch-1
2025-07-12 21:06:04,323 - multicoco.trainer - INFO - Loading checkpoint from epoch 1: checkpoints/aokvqa_cot_aokvqa-cot-stage0/epoch-1
2025-07-12 21:06:04,323 - multicoco.trainer - INFO - Checkpoint directory validated and ready for loading by parent Trainer class
2025-07-12 21:06:04,323 - multicoco.trainer - INFO - Checkpoint loaded successfully. Next training epoch: 1 (0-indexed)
2025-07-12 21:06:04,323 - multicoco.trainer - INFO - Starting epoch-based training:
2025-07-12 21:06:04,323 - multicoco.trainer - INFO -   Steps per epoch: 533
2025-07-12 21:06:04,323 - multicoco.trainer - INFO -   Total epochs: 8
2025-07-12 21:06:04,323 - multicoco.trainer - INFO -   Total steps: 4264
2025-07-12 21:06:04,338 - multicoco.trainer - INFO - Using default linear scheduler with warmup_steps=500, total_steps=4264
2025-07-12 21:06:04,338 - multicoco.trainer - INFO - Optimizer created with initial LR: 0.0
2025-07-12 21:06:04,338 - multicoco.trainer - INFO - Scheduler: LambdaLR, num_training_steps=4264
2025-07-12 21:06:04,338 - multicoco.trainer - INFO - Warmup steps: 500
2025-07-12 21:06:04,338 - multicoco.trainer - INFO - Gradient clipping enabled with max_grad_norm: 1.0
2025-07-12 21:06:04,338 - multicoco.trainer - INFO - 
Starting Epoch 2/8
2025-07-12 21:06:29,433 - __main__ - INFO - Finishing wandb run...
2025-07-12 21:06:30,962 - __main__ - INFO - MultiCoCo runner cleanup complete
