2025-07-14 07:24:40,112 - __main__ - INFO - Logging initialized. Output saved to: logs/aokvqa-coconut-multistage_20250714-072440
2025-07-14 07:24:40,170 - __main__ - INFO - CUDA available with 1 devices (deterministic mode)
2025-07-14 07:24:40,170 - __main__ - INFO - MultiCoCoRunner initialized for training
2025-07-14 07:24:40,170 - __main__ - INFO - Adding latent special tokens: ['<|start_latent|>', '<|end_latent|>', '<|latent|>']
2025-07-14 07:24:40,170 - __main__ - INFO - Loading from checkpoint: checkpoints/aokvqa_cot_aokvqa-cot-stage0/epoch-8
2025-07-14 07:24:40,172 - urllib3.connectionpool - DEBUG - Starting new HTTPS connection (1): huggingface.co:443
2025-07-14 07:24:40,460 - urllib3.connectionpool - DEBUG - https://huggingface.co:443 "HEAD /OpenGVLab/InternVL3-1B-Pretrained/resolve/main/config.json HTTP/1.1" 307 0
2025-07-14 07:24:40,466 - urllib3.connectionpool - DEBUG - https://huggingface.co:443 "HEAD /api/resolve-cache/models/OpenGVLab/InternVL3-1B-Pretrained/d3292416b2ecc894c0f4009a6dae424fbf164249/config.json HTTP/1.1" 200 0
2025-07-14 07:24:40,701 - urllib3.connectionpool - DEBUG - https://huggingface.co:443 "HEAD /OpenGVLab/InternVL3-1B-Pretrained/resolve/main/configuration_internvl_chat.py HTTP/1.1" 307 0
2025-07-14 07:24:40,708 - urllib3.connectionpool - DEBUG - https://huggingface.co:443 "HEAD /api/resolve-cache/models/OpenGVLab/InternVL3-1B-Pretrained/d3292416b2ecc894c0f4009a6dae424fbf164249/configuration_internvl_chat.py HTTP/1.1" 200 0
2025-07-14 07:24:40,956 - urllib3.connectionpool - DEBUG - https://huggingface.co:443 "HEAD /OpenGVLab/InternVL3-1B-Pretrained/resolve/main/config.json HTTP/1.1" 307 0
2025-07-14 07:24:40,963 - urllib3.connectionpool - DEBUG - https://huggingface.co:443 "HEAD /api/resolve-cache/models/OpenGVLab/InternVL3-1B-Pretrained/d3292416b2ecc894c0f4009a6dae424fbf164249/config.json HTTP/1.1" 200 0
2025-07-14 07:24:40,966 - transformers_modules.OpenGVLab.InternVL3-1B-Pretrained.d3292416b2ecc894c0f4009a6dae424fbf164249.configuration_internvl_chat - INFO - vision_select_layer: -1
2025-07-14 07:24:40,966 - transformers_modules.OpenGVLab.InternVL3-1B-Pretrained.d3292416b2ecc894c0f4009a6dae424fbf164249.configuration_internvl_chat - INFO - ps_version: v2
2025-07-14 07:24:40,966 - transformers_modules.OpenGVLab.InternVL3-1B-Pretrained.d3292416b2ecc894c0f4009a6dae424fbf164249.configuration_internvl_chat - INFO - min_dynamic_patch: 1
2025-07-14 07:24:40,966 - transformers_modules.OpenGVLab.InternVL3-1B-Pretrained.d3292416b2ecc894c0f4009a6dae424fbf164249.configuration_internvl_chat - INFO - max_dynamic_patch: 12
2025-07-14 07:24:40,968 - transformers_modules.OpenGVLab.InternVL3-1B-Pretrained.d3292416b2ecc894c0f4009a6dae424fbf164249.configuration_internvl_chat - INFO - vision_config is None. Initializing the InternVisionConfig with default values.
2025-07-14 07:24:40,968 - transformers_modules.OpenGVLab.InternVL3-1B-Pretrained.d3292416b2ecc894c0f4009a6dae424fbf164249.configuration_internvl_chat - INFO - llm_config is None. Initializing the LlamaConfig config with default values (`LlamaConfig`).
2025-07-14 07:24:40,969 - transformers_modules.OpenGVLab.InternVL3-1B-Pretrained.d3292416b2ecc894c0f4009a6dae424fbf164249.configuration_internvl_chat - INFO - vision_select_layer: -1
2025-07-14 07:24:40,969 - transformers_modules.OpenGVLab.InternVL3-1B-Pretrained.d3292416b2ecc894c0f4009a6dae424fbf164249.configuration_internvl_chat - INFO - ps_version: v1
2025-07-14 07:24:40,969 - transformers_modules.OpenGVLab.InternVL3-1B-Pretrained.d3292416b2ecc894c0f4009a6dae424fbf164249.configuration_internvl_chat - INFO - min_dynamic_patch: 1
2025-07-14 07:24:40,969 - transformers_modules.OpenGVLab.InternVL3-1B-Pretrained.d3292416b2ecc894c0f4009a6dae424fbf164249.configuration_internvl_chat - INFO - max_dynamic_patch: 6
2025-07-14 07:24:41,801 - git.cmd - DEBUG - Popen(['git', 'version'], cwd=/home/ubuntu/multicoco, stdin=None, shell=False, universal_newlines=False)
2025-07-14 07:24:41,807 - git.cmd - DEBUG - Popen(['git', 'version'], cwd=/home/ubuntu/multicoco, stdin=None, shell=False, universal_newlines=False)
2025-07-14 07:24:42,580 - urllib3.connectionpool - DEBUG - https://huggingface.co:443 "HEAD /OpenGVLab/InternVL3-1B-Pretrained/resolve/main/modeling_internvl_chat.py HTTP/1.1" 307 0
2025-07-14 07:24:42,585 - urllib3.connectionpool - DEBUG - https://huggingface.co:443 "HEAD /api/resolve-cache/models/OpenGVLab/InternVL3-1B-Pretrained/d3292416b2ecc894c0f4009a6dae424fbf164249/modeling_internvl_chat.py HTTP/1.1" 200 0
2025-07-14 07:24:42,840 - transformers_modules.OpenGVLab.InternVL3-1B-Pretrained.d3292416b2ecc894c0f4009a6dae424fbf164249.modeling_internvl_chat - INFO - num_image_token: 256
2025-07-14 07:24:42,840 - transformers_modules.OpenGVLab.InternVL3-1B-Pretrained.d3292416b2ecc894c0f4009a6dae424fbf164249.modeling_internvl_chat - INFO - ps_version: v2
2025-07-14 07:24:43,403 - urllib3.connectionpool - DEBUG - https://huggingface.co:443 "HEAD /OpenGVLab/InternVL3-1B-Pretrained/resolve/main/generation_config.json HTTP/1.1" 307 0
2025-07-14 07:24:43,409 - urllib3.connectionpool - DEBUG - https://huggingface.co:443 "HEAD /api/resolve-cache/models/OpenGVLab/InternVL3-1B-Pretrained/d3292416b2ecc894c0f4009a6dae424fbf164249/generation_config.json HTTP/1.1" 200 0
2025-07-14 07:24:43,638 - urllib3.connectionpool - DEBUG - https://huggingface.co:443 "HEAD /OpenGVLab/InternVL3-1B-Pretrained/resolve/main/custom_generate/generate.py HTTP/1.1" 404 0
2025-07-14 07:24:43,863 - urllib3.connectionpool - DEBUG - https://huggingface.co:443 "HEAD /OpenGVLab/InternVL3-1B-Pretrained/resolve/main/tokenizer_config.json HTTP/1.1" 307 0
2025-07-14 07:24:43,868 - urllib3.connectionpool - DEBUG - https://huggingface.co:443 "HEAD /api/resolve-cache/models/OpenGVLab/InternVL3-1B-Pretrained/d3292416b2ecc894c0f4009a6dae424fbf164249/tokenizer_config.json HTTP/1.1" 200 0
2025-07-14 07:24:44,121 - urllib3.connectionpool - DEBUG - https://huggingface.co:443 "GET /api/models/OpenGVLab/InternVL3-1B-Pretrained/tree/main/additional_chat_templates?recursive=False&expand=False HTTP/1.1" 404 64
2025-07-14 07:24:44,565 - multicoco.model - INFO - Added 3 special tokens: ['<|start_latent|>', '<|end_latent|>', '<|latent|>']
2025-07-14 07:24:44,805 - urllib3.connectionpool - DEBUG - https://huggingface.co:443 "HEAD /OpenGVLab/InternVL3-1B-Pretrained/resolve/main/preprocessor_config.json HTTP/1.1" 307 0
2025-07-14 07:24:44,810 - urllib3.connectionpool - DEBUG - https://huggingface.co:443 "HEAD /api/resolve-cache/models/OpenGVLab/InternVL3-1B-Pretrained/d3292416b2ecc894c0f4009a6dae424fbf164249/preprocessor_config.json HTTP/1.1" 200 0
2025-07-14 07:24:44,852 - multicoco.model - DEBUG - Text embedding dim: 896
2025-07-14 07:24:44,852 - multicoco.model - DEBUG - Vision hidden size: 1024
2025-07-14 07:24:44,852 - multicoco.model - DEBUG - Vision image size: 448
2025-07-14 07:24:44,852 - multicoco.model - INFO - Vision-text dimension mismatch: vision=1024, text=896. Using projector.
2025-07-14 07:24:44,852 - multicoco.model - INFO - Resizing embeddings from 151674 to 151677 for 3 new tokens
2025-07-14 07:24:53,858 - multicoco.model - INFO - MultiCoCo model initialized with 938198400 parameters
2025-07-14 07:24:53,898 - __main__ - INFO - Loading checkpoint from safetensors: checkpoints/aokvqa_cot_aokvqa-cot-stage0/epoch-8/model.safetensors
2025-07-14 07:24:53,950 - __main__ - WARNING - Vocabulary size mismatch: checkpoint=151674, current=151677
2025-07-14 07:24:53,950 - __main__ - INFO - Handling vocabulary size mismatch by resizing embeddings...
2025-07-14 07:24:59,289 - __main__ - INFO - Temporarily resized model embeddings to 151674 to match checkpoint
2025-07-14 07:25:09,407 - __main__ - INFO - Resized model embeddings back to current vocab size: 151677
2025-07-14 07:25:09,408 - __main__ - INFO - New token embeddings will be randomly initialized
2025-07-14 07:25:09,408 - __main__ - INFO - Successfully loaded model weights from checkpoints/aokvqa_cot_aokvqa-cot-stage0/epoch-8/model.safetensors
2025-07-14 07:25:09,560 - __main__ - INFO - Model initialized from checkpoint: checkpoints/aokvqa_cot_aokvqa-cot-stage0/epoch-8
2025-07-14 07:25:09,561 - __main__ - INFO - Dtype: bfloat16, BF16: True, FP16: False
2025-07-14 07:25:09,561 - __main__ - INFO - Mode: coconut_train, CoCoNut: True
2025-07-14 07:25:09,607 - multicoco.data - INFO - Limited dataset to 20 samples for testing
2025-07-14 07:25:09,607 - multicoco.data - INFO - Loaded 20 samples from /home/ubuntu/multicoco/data/aokvqa_train.json
2025-07-14 07:25:09,607 - __main__ - INFO - Training dataset: 20 samples
2025-07-14 07:25:09,610 - multicoco.data - INFO - Limited dataset to 20 samples for testing
2025-07-14 07:25:09,610 - multicoco.data - INFO - Loaded 20 samples from /home/ubuntu/multicoco/data/aokvqa_validation.json
2025-07-14 07:25:09,610 - __main__ - INFO - Evaluation dataset: 20 samples
2025-07-14 07:25:09,610 - __main__ - INFO - Starting CoCoNut multi-stage training...
2025-07-14 07:25:11,398 - multicoco.trainer - INFO - CoCoTrainer initialized.
2025-07-14 07:25:11,399 - __main__ - INFO - Trainer created successfully
2025-07-14 07:25:11,399 - multicoco.trainer - INFO - Starting CoCoNut multi-stage training with stage transitions
2025-07-14 07:25:11,399 - multicoco.trainer - INFO - Training state initialized for epoch-based training
2025-07-14 07:25:11,399 - multicoco.trainer - INFO - Starting epoch-based training:
2025-07-14 07:25:11,399 - multicoco.trainer - INFO -   Steps per epoch: 1
2025-07-14 07:25:11,399 - multicoco.trainer - INFO -   Total epochs: 24
2025-07-14 07:25:11,399 - multicoco.trainer - INFO -   Total steps: 24
2025-07-14 07:25:11,419 - multicoco.trainer - INFO - Created cosine scheduler with warmup_steps=500, total_steps=24
2025-07-14 07:25:11,419 - multicoco.trainer - INFO - Optimizer created with initial LR: 0.0
2025-07-14 07:25:11,419 - multicoco.trainer - INFO - Scheduler: LambdaLR, num_training_steps=24
2025-07-14 07:25:11,419 - multicoco.trainer - INFO - Warmup steps: 500
2025-07-14 07:25:11,419 - multicoco.trainer - INFO - Gradient clipping enabled with max_grad_norm: 1.0
2025-07-14 07:25:11,419 - multicoco.trainer - INFO - Transitioning to CoCoNut stage 0
2025-07-14 07:25:11,419 - multicoco.trainer - INFO - Dataset sample before curriculum update (stage 0): steps=['A train would not be on the street, he would not have luggage waiting for a delivery, and the skateboarder is there and not paying attention to him so a cab is the only possible answer.', 'He has bags as if he is going someone, and he is on a road waiting for vehicle that can only be moved on the road and is big enough to hold the bags.', 'He looks to be waiting for a paid ride to pick him up.']
2025-07-14 07:25:11,419 - multicoco.data - INFO - Applying progressive curriculum for stage 0
2025-07-14 07:25:11,419 - multicoco.data - INFO - Creating progressive latent dataset for stage 0
2025-07-14 07:25:11,419 - multicoco.data - INFO - Dataset updated with 20 curriculum samples
2025-07-14 07:25:11,419 - multicoco.trainer - INFO - Dataset sample after curriculum update (stage 0): steps=['A train would not be on the street, he would not have luggage waiting for a delivery, and the skateboarder is there and not paying attention to him so a cab is the only possible answer.', 'He has bags as if he is going someone, and he is on a road waiting for vehicle that can only be moved on the road and is big enough to hold the bags.', 'He looks to be waiting for a paid ride to pick him up.']
2025-07-14 07:25:11,419 - multicoco.trainer - INFO - Applied progressive curriculum for stage 0 - Dataset size: 20
2025-07-14 07:25:11,419 - multicoco.trainer - INFO - Dataloader will be refreshed for updated curriculum
2025-07-14 07:25:11,419 - multicoco.trainer - INFO - Resetting optimizer and scheduler for new stage
2025-07-14 07:25:11,420 - multicoco.trainer - INFO - Created cosine scheduler with warmup_steps=500, total_steps=24
2025-07-14 07:25:11,420 - multicoco.trainer - INFO - Optimizer created with initial LR: 0.0
2025-07-14 07:25:11,420 - multicoco.trainer - INFO - Scheduler: LambdaLR, num_training_steps=24
2025-07-14 07:25:11,420 - multicoco.trainer - INFO - Warmup steps: 500
2025-07-14 07:25:11,420 - multicoco.trainer - INFO - Gradient clipping enabled with max_grad_norm: 1.0
2025-07-14 07:25:11,420 - multicoco.trainer - INFO - Reset optimizer and scheduler with 24 remaining training steps
2025-07-14 07:25:11,421 - multicoco.trainer - INFO - Epoch 1/24 - CoCoNut Stage 0/6 (Stage Epoch 1/3)
2025-07-14 07:25:11,421 - multicoco.trainer - INFO - 
Starting Epoch 1/24
2025-07-14 07:25:15,049 - multicoco.trainer - DEBUG - Current LR: 2e-08 (full float: 2e-08)
2025-07-14 07:25:15,376 - multicoco.trainer - INFO - Epoch 1 training complete. Average loss: 0.6784
2025-07-14 07:25:15,678 - multicoco.trainer - INFO - Running evaluation after epoch 1...
2025-07-14 07:25:15,679 - multicoco.trainer - DEBUG - Epoch evaluation logger configured for epoch 1
2025-07-14 07:25:16,036 - multicoco.trainer - DEBUG - Using generation config: {'max_new_tokens': 256, 'do_sample': True, 'num_beams': 1, 'temperature': 0.8, 'top_p': 0.9, 'top_k': 50}
2025-07-14 07:25:16,037 - multicoco.latent_wrapper - DEBUG - LatentWrapper.generate: has_latent_spans=False
2025-07-14 07:25:16,037 - multicoco.latent_wrapper - DEBUG - LatentWrapper.generate: input_ids.shape=torch.Size([1, 78])
2025-07-14 07:25:16,037 - multicoco.latent_wrapper - DEBUG - LatentWrapper.generate: pixel_values.shape=torch.Size([1, 3, 448, 448])
2025-07-14 07:25:16,037 - multicoco.latent_wrapper - DEBUG - LatentWrapper.generate: No latent spans detected, delegating to base model
2025-07-14 07:25:16,066 - multicoco.latent_wrapper - ERROR - LatentWrapper.generate: Base model delegation failed: 
2025-07-14 07:25:16,066 - multicoco.latent_wrapper - ERROR - LatentWrapper.generate: This suggests the issue is in the base model, not LatentWrapper
2025-07-14 07:25:16,145 - __main__ - INFO - MultiCoCo runner cleanup complete
